2026-05-04 17:22:22,540 - INFO - Successfully connected to GreatOutdoors_SDM.db
2026-05-04 17:22:22,541 - INFO - Creating new database: GreatOutdoors_DWH.db
2026-05-04 17:22:22,541 - INFO - Successfully connected to GreatOutdoors_DWH.db
2026-05-04 19:34:54,161 - INFO - Successfully connected to GreatOutdoors_SDM.db
2026-05-04 19:34:54,161 - INFO - Creating new database: GreatOutdoors_DWH.db
2026-05-04 19:34:54,163 - ERROR - Error connecting to GreatOutdoors_DWH.db: near "IF": syntax error
2026-05-04 19:34:54,163 - CRITICAL - Failed to establish database connections: near "IF": syntax error
2026-05-04 19:40:37,279 - INFO - Successfully connected to GreatOutdoors_SDM.db
2026-05-04 19:40:37,279 - INFO - Creating new database: GreatOutdoors_DWH.db
2026-05-04 19:40:37,279 - INFO - Successfully connected to GreatOutdoors_DWH.db
2026-05-05 12:13:51,034 - INFO - Successfully connected to GreatOutdoors_SDM.db
2026-05-05 12:13:51,036 - INFO - Successfully connected to GreatOutdoors_DWH.db
2026-05-05 12:17:30,994 - INFO - Successfully connected to GreatOutdoors_SDM.db
2026-05-05 12:17:31,002 - INFO - Successfully connected to GreatOutdoors_DWH.db
2026-05-05 12:35:23,488 - INFO - Successfully connected to GreatOutdoors_SDM.db
2026-05-05 12:35:23,488 - INFO - Successfully connected to GreatOutdoors_DWH.db
2026-05-05 12:36:30,765 - INFO - START ETL: Datum_dim
2026-05-05 12:36:30,786 - INFO -   Csv datums geladen: 36 rijen
2026-05-05 12:36:30,845 - INFO -   Inkoop datums geladen: 1608 rijen
2026-05-05 12:36:31,011 - INFO -   Unieke datums na deduplicatie: 1018
2026-05-05 12:37:14,648 - INFO - START ETL: DATE
2026-05-05 12:37:14,656 - INFO -   Csv datums geladen: 36 rijen
2026-05-05 12:37:14,678 - INFO -   Inkoop datums geladen: 1608 rijen
2026-05-05 12:37:14,822 - INFO -   Unieke datums na deduplicatie: 1018
2026-05-05 12:37:14,856 - INFO -   Ingevoegd in DATE: 0 rijen
2026-05-05 12:37:14,858 - INFO - KLAAR ETL: DATE
2026-05-05 12:39:25,096 - INFO - START ETL: DATE
2026-05-05 12:39:25,098 - INFO -   Csv datums geladen: 36 rijen
2026-05-05 12:39:25,105 - INFO -   Inkoop datums geladen: 1608 rijen
2026-05-05 12:39:25,118 - INFO -   Unieke datums na deduplicatie: 1018
2026-05-05 12:39:25,145 - INFO -   Ingevoegd in DATE: 0 rijen
2026-05-05 12:39:25,145 - INFO - KLAAR ETL: DATE
2026-05-05 12:42:56,806 - INFO - START ETL: DATE
2026-05-05 12:42:56,810 - INFO -   Csv datums geladen: 36 rijen
2026-05-05 12:42:56,818 - INFO -   Inkoop datums geladen: 1608 rijen
2026-05-05 12:42:56,831 - INFO -   Unieke datums na deduplicatie: 1018
2026-05-05 12:42:56,865 - INFO -   Ingevoegd in DATE: 0 rijen
2026-05-05 12:42:56,865 - INFO - KLAAR ETL: DATE
2026-05-05 12:45:21,903 - INFO - START ETL: DATE
2026-05-05 12:45:21,906 - INFO -   Csv datums geladen: 36 rijen
2026-05-05 12:45:21,911 - INFO -   Inkoop datums geladen: 1608 rijen
2026-05-05 12:45:21,922 - INFO -   Unieke datums na deduplicatie: 1018
2026-05-05 12:45:21,943 - INFO -   Ingevoegd in DATE: 0 rijen
2026-05-05 12:45:21,943 - INFO - KLAAR ETL: DATE
2026-05-05 12:49:21,033 - INFO - START ETL: DATE
2026-05-05 12:49:21,035 - INFO -   Csv datums geladen: 36 rijen
2026-05-05 12:49:21,053 - INFO -   Inkoop datums geladen: 1599 rijen
2026-05-05 12:49:21,067 - INFO -   Unieke datums na deduplicatie: 1009
2026-05-05 12:49:21,093 - INFO -   Ingevoegd in DATE: 1009 rijen
2026-05-05 12:49:21,094 - INFO - KLAAR ETL: DATE
2026-05-05 14:09:15,748 - INFO - Successfully connected to GreatOutdoors_SDM.db
2026-05-05 14:09:15,752 - INFO - Successfully connected to GreatOutdoors_DWH.db
2026-05-05 14:31:16,412 - INFO - START ETL: DATE
2026-05-05 14:31:16,450 - INFO -   Csv datums geladen: 36 rijen
2026-05-05 14:31:16,470 - INFO -   Inkoop datums geladen: 1599 rijen
2026-05-05 14:31:16,498 - INFO -   Unieke datums na deduplicatie: 1009
2026-05-05 14:31:16,522 - INFO -   Ingevoegd in DATE: 1009 rijen
2026-05-05 14:31:16,523 - INFO - KLAAR ETL: DATE
2026-05-05 14:31:16,528 - INFO - PRODUCT: 115 inserted, 0 updated (SCD2), 0 unchanged
2026-05-05 14:31:25,510 - INFO - START ETL: DATE
2026-05-05 14:31:25,515 - INFO -   Csv datums geladen: 36 rijen
2026-05-05 14:31:25,520 - INFO -   Inkoop datums geladen: 1599 rijen
2026-05-05 14:31:25,527 - INFO -   Unieke datums na deduplicatie: 1009
2026-05-05 14:31:25,554 - INFO -   Ingevoegd in DATE: 1009 rijen
2026-05-05 14:31:25,554 - INFO - KLAAR ETL: DATE
2026-05-05 14:31:25,557 - INFO - PRODUCT: 0 inserted, 0 updated (SCD2), 115 unchanged
2026-05-05 14:32:53,798 - INFO - Successfully connected to GreatOutdoors_SDM.db
2026-05-05 14:32:53,798 - INFO - Successfully connected to GreatOutdoors_DWH.db
2026-05-05 14:33:51,787 - INFO - Successfully connected to GreatOutdoors_SDM.db
2026-05-05 14:33:51,788 - INFO - Successfully connected to GreatOutdoors_DWH.db
2026-05-05 14:34:16,344 - INFO - START ETL: DATE
2026-05-05 14:34:16,347 - INFO -   Csv datums geladen: 36 rijen
2026-05-05 14:34:16,355 - INFO -   Inkoop datums geladen: 1599 rijen
2026-05-05 14:34:16,368 - INFO -   Unieke datums na deduplicatie: 1009
2026-05-05 14:34:16,455 - INFO -   Ingevoegd in DATE: 1009 rijen
2026-05-05 14:34:16,455 - INFO - KLAAR ETL: DATE
2026-05-05 14:34:16,465 - INFO - PRODUCT: 115 inserted, 0 updated (SCD2), 0 unchanged
2026-05-06 14:08:32,681 - INFO - Successfully connected to GreatOutdoors_SDM.db
2026-05-06 14:08:32,694 - INFO - Successfully connected to GreatOutdoors_DWH.db
2026-05-06 14:08:36,547 - INFO - Successfully connected to GreatOutdoors_SDM.db
2026-05-06 14:08:36,547 - INFO - Successfully connected to GreatOutdoors_DWH.db
2026-05-06 14:08:36,764 - INFO - START ETL: DATE
2026-05-06 14:08:36,764 - INFO -   Csv datums geladen: 36 rijen
2026-05-06 14:08:36,764 - INFO -   Inkoop datums geladen: 1599 rijen
2026-05-06 14:08:36,782 - INFO -   Unieke datums na deduplicatie: 1009
2026-05-06 14:10:40,244 - INFO - Successfully connected to GreatOutdoors_SDM.db
2026-05-06 14:10:40,244 - INFO - Successfully connected to GreatOutdoors_DWH.db
2026-05-06 14:10:42,460 - INFO - START ETL: DATE
2026-05-06 14:10:42,462 - INFO -   Csv datums geladen: 36 rijen
2026-05-06 14:10:42,468 - INFO -   Inkoop datums geladen: 1599 rijen
2026-05-06 14:10:42,473 - INFO -   Unieke datums na deduplicatie: 1009
2026-05-06 14:11:59,468 - INFO - START ETL: DATE
2026-05-06 14:11:59,470 - INFO -   Csv datums geladen: 36 rijen
2026-05-06 14:11:59,474 - INFO -   Inkoop datums geladen: 1599 rijen
2026-05-06 14:11:59,477 - INFO -   Unieke datums na deduplicatie: 1009
2026-05-06 14:11:59,498 - INFO -   Ingevoegd in DATE: 1009 rijen
2026-05-06 14:11:59,498 - INFO - KLAAR ETL: DATE
2026-05-06 14:11:59,502 - INFO - PRODUCT: 115 inserted, 0 updated (SCD2), 0 unchanged
2026-05-06 14:17:18,324 - INFO - START ETL: DATE
2026-05-06 14:17:18,325 - INFO -   Csv datums geladen: 36 rijen
2026-05-06 14:17:18,327 - INFO -   Inkoop datums geladen: 1599 rijen
2026-05-06 14:17:18,334 - INFO -   Unieke datums na deduplicatie: 1009
2026-05-06 14:17:18,353 - INFO -   Ingevoegd in DATE: 1009 rijen
2026-05-06 14:17:18,354 - INFO - KLAAR ETL: DATE
2026-05-06 14:17:18,358 - INFO - PRODUCT: 0 inserted, 0 updated (SCD2), 115 unchanged
2026-05-06 14:17:37,420 - INFO - START ETL: DATE
2026-05-06 14:17:37,421 - INFO -   Csv datums geladen: 36 rijen
2026-05-06 14:17:37,425 - INFO -   Inkoop datums geladen: 1599 rijen
2026-05-06 14:17:37,432 - INFO -   Unieke datums na deduplicatie: 1009
2026-05-06 14:17:56,632 - INFO - START ETL: DATE
2026-05-06 14:17:56,633 - INFO -   Csv datums geladen: 36 rijen
2026-05-06 14:17:56,636 - INFO -   Inkoop datums geladen: 1599 rijen
2026-05-06 14:17:56,638 - INFO -   Unieke datums na deduplicatie: 1009
2026-05-06 14:17:56,661 - INFO -   Ingevoegd in DATE: 1009 rijen
2026-05-06 14:17:56,661 - INFO - KLAAR ETL: DATE
2026-05-06 14:17:56,665 - INFO - PRODUCT: 115 inserted, 0 updated (SCD2), 0 unchanged
2026-05-06 14:18:38,394 - INFO - START ETL: DATE
2026-05-06 14:18:38,395 - INFO -   Csv datums geladen: 36 rijen
2026-05-06 14:18:38,399 - INFO -   Inkoop datums geladen: 1599 rijen
2026-05-06 14:18:38,401 - INFO -   Unieke datums na deduplicatie: 1009
2026-05-06 14:18:38,414 - INFO -   Ingevoegd in DATE: 1009 rijen
2026-05-06 14:18:38,414 - INFO - KLAAR ETL: DATE
2026-05-06 14:18:38,426 - INFO - PRODUCT: 115 inserted, 0 updated (SCD2), 0 unchanged
2026-05-06 14:22:53,674 - INFO - START ETL: DATE
2026-05-06 14:22:53,676 - INFO -   Csv datums geladen: 36 rijen
2026-05-06 14:22:53,678 - INFO -   Inkoop datums geladen: 1599 rijen
2026-05-06 14:22:53,685 - INFO -   Unieke datums na deduplicatie: 1009
2026-05-06 14:23:06,509 - INFO - START ETL: DATE
2026-05-06 14:23:06,510 - INFO -   Csv datums geladen: 36 rijen
2026-05-06 14:23:06,513 - INFO -   Inkoop datums geladen: 1599 rijen
2026-05-06 14:23:06,521 - INFO -   Unieke datums na deduplicatie: 1009
2026-05-06 14:23:06,540 - INFO -   Ingevoegd in DATE: 1009 rijen
2026-05-06 14:23:06,540 - INFO - KLAAR ETL: DATE
2026-05-06 14:23:06,544 - INFO - PRODUCT: 115 inserted, 0 updated (SCD2), 0 unchanged
2026-05-06 14:23:17,267 - INFO - START ETL: DATE
2026-05-06 14:23:17,268 - INFO -   Csv datums geladen: 36 rijen
2026-05-06 14:23:17,268 - INFO -   Inkoop datums geladen: 1599 rijen
2026-05-06 14:23:17,268 - INFO -   Unieke datums na deduplicatie: 1009
2026-05-06 14:23:17,289 - INFO -   Ingevoegd in DATE: 1009 rijen
2026-05-06 14:23:17,289 - INFO - KLAAR ETL: DATE
2026-05-06 14:23:17,300 - INFO - PRODUCT: 0 inserted, 0 updated (SCD2), 115 unchanged
2026-05-06 15:03:16,484 - INFO - START ETL: DATE
2026-05-06 15:03:16,485 - INFO -   Csv datums geladen: 36 rijen
2026-05-06 15:03:16,489 - INFO -   Inkoop datums geladen: 1599 rijen
2026-05-06 15:03:16,496 - INFO -   Unieke datums na deduplicatie: 1009
2026-05-06 15:03:16,511 - INFO -   Ingevoegd in DATE: 1009 rijen
2026-05-06 15:03:16,511 - INFO - KLAAR ETL: DATE
2026-05-06 15:03:16,511 - INFO - PRODUCT: 0 inserted, 0 updated (SCD2), 115 unchanged
2026-05-06 15:13:56,038 - INFO - START ETL: DATE
2026-05-06 15:13:56,040 - INFO -   Csv datums geladen: 36 rijen
2026-05-06 15:13:56,043 - INFO -   Inkoop datums geladen: 1599 rijen
2026-05-06 15:13:56,050 - INFO -   Unieke datums na deduplicatie: 1009
2026-05-06 15:13:56,066 - INFO -   Ingevoegd in DATE: 1009 rijen
2026-05-06 15:13:56,066 - INFO - KLAAR ETL: DATE
2026-05-06 15:13:56,070 - INFO - PRODUCT: 115 inserted, 0 updated (SCD2), 0 unchanged
2026-05-06 15:19:47,721 - INFO - START ETL: DATE
2026-05-06 15:19:47,723 - INFO -   Csv datums geladen: 36 rijen
2026-05-06 15:19:47,730 - INFO -   Inkoop datums geladen: 1599 rijen
2026-05-06 15:19:47,735 - INFO -   Unieke datums na deduplicatie: 1009
2026-05-06 15:19:47,753 - INFO -   Ingevoegd in DATE: 1009 rijen
2026-05-06 15:19:47,753 - INFO - KLAAR ETL: DATE
2026-05-06 15:19:47,760 - INFO - PRODUCT: 115 inserted, 0 updated (SCD2), 0 unchanged
2026-05-06 15:31:54,713 - INFO - START ETL: DATE
2026-05-06 15:31:54,715 - INFO -   Csv datums geladen: 36 rijen
2026-05-06 15:31:54,719 - INFO -   Inkoop datums geladen: 1599 rijen
2026-05-06 15:31:54,724 - INFO -   Unieke datums na deduplicatie: 1009
2026-05-06 15:31:54,740 - INFO -   Ingevoegd in DATE: 1009 rijen
2026-05-06 15:31:54,741 - INFO - KLAAR ETL: DATE
2026-05-06 15:31:54,747 - INFO - PRODUCT: 0 inserted, 0 updated (SCD2), 115 unchanged
2026-05-06 15:32:34,949 - INFO - START ETL: DATE
2026-05-06 15:32:34,950 - INFO -   Csv datums geladen: 36 rijen
2026-05-06 15:32:34,953 - INFO -   Inkoop datums geladen: 1599 rijen
2026-05-06 15:32:34,959 - INFO -   Unieke datums na deduplicatie: 1009
2026-05-06 15:32:34,976 - INFO -   Ingevoegd in DATE: 1009 rijen
2026-05-06 15:32:34,976 - INFO - KLAAR ETL: DATE
2026-05-06 15:32:34,982 - INFO - PRODUCT: 0 inserted, 0 updated (SCD2), 115 unchanged
2026-05-06 15:33:35,385 - INFO - START ETL: DATE
2026-05-06 15:33:35,387 - INFO -   Csv datums geladen: 36 rijen
2026-05-06 15:33:35,391 - INFO -   Inkoop datums geladen: 1599 rijen
2026-05-06 15:33:35,397 - INFO -   Unieke datums na deduplicatie: 1009
2026-05-06 15:33:35,422 - INFO -   Ingevoegd in DATE: 1009 rijen
2026-05-06 15:33:35,422 - INFO - KLAAR ETL: DATE
2026-05-06 15:33:35,429 - INFO - PRODUCT: 0 inserted, 0 updated (SCD2), 115 unchanged
2026-05-06 15:33:38,892 - INFO - ORDER_DETAILS: inserted 40990 rows
2026-05-06 15:33:41,376 - INFO - START ETL: DATE
2026-05-06 15:33:41,377 - INFO -   Csv datums geladen: 36 rijen
2026-05-06 15:33:41,382 - INFO -   Inkoop datums geladen: 1599 rijen
2026-05-06 15:33:41,387 - INFO -   Unieke datums na deduplicatie: 1009
2026-05-06 15:33:41,407 - INFO -   Ingevoegd in DATE: 1009 rijen
2026-05-06 15:33:41,408 - INFO - KLAAR ETL: DATE
2026-05-06 15:33:41,419 - INFO - PRODUCT: 0 inserted, 0 updated (SCD2), 115 unchanged
2026-05-06 15:33:44,743 - INFO - ORDER_DETAILS: inserted 0 rows
2026-05-06 15:34:44,303 - INFO - RETURNED_ITEM: inserted 690 rows
2026-05-06 15:34:52,178 - INFO - START ETL: DATE
2026-05-06 15:34:52,179 - INFO -   Csv datums geladen: 36 rijen
2026-05-06 15:34:52,183 - INFO -   Inkoop datums geladen: 1599 rijen
2026-05-06 15:34:52,189 - INFO -   Unieke datums na deduplicatie: 1009
2026-05-06 15:34:52,207 - INFO -   Ingevoegd in DATE: 1009 rijen
2026-05-06 15:34:52,207 - INFO - KLAAR ETL: DATE
2026-05-06 15:34:52,213 - INFO - PRODUCT: 0 inserted, 0 updated (SCD2), 115 unchanged
2026-05-06 15:34:55,538 - INFO - ORDER_DETAILS: inserted 0 rows
2026-05-06 15:34:55,553 - INFO - RETURNED_ITEM: inserted 0 rows
2026-05-06 15:45:20,902 - INFO - Successfully connected to GreatOutdoors_SDM.db
2026-05-06 15:45:20,902 - INFO - Successfully connected to GreatOutdoors_DWH.db
2026-05-06 15:50:08,820 - INFO - Successfully connected to GreatOutdoors_SDM.db
2026-05-06 15:50:08,820 - INFO - Successfully connected to GreatOutdoors_DWH.db
2026-05-06 15:50:09,327 - INFO - START ETL: DATE
2026-05-06 15:50:09,335 - INFO -   Csv datums geladen: 36 rijen
2026-05-06 15:50:09,354 - INFO -   Inkoop datums geladen: 1599 rijen
2026-05-06 15:50:09,361 - INFO -   Unieke datums na deduplicatie: 1009
2026-05-06 15:50:09,411 - INFO -   Ingevoegd in DATE: 1009 rijen
2026-05-06 15:50:09,411 - INFO - KLAAR ETL: DATE
2026-05-06 15:50:09,427 - INFO - PRODUCT: 0 inserted, 0 updated (SCD2), 115 unchanged
2026-05-06 15:50:16,943 - INFO - ORDER_DETAILS: inserted 0 rows
2026-05-06 15:50:17,075 - INFO - RETURNED_ITEM: inserted 690 rows
2026-05-07 14:11:47,677 - INFO - Successfully connected to GreatOutdoors_SDM.db
2026-05-07 14:11:47,678 - INFO - Successfully connected to GreatOutdoors_DWH.db
2026-05-09 14:00:04,799 - INFO - Successfully connected to GreatOutdoors_SDM.db
2026-05-09 14:00:04,799 - INFO - Successfully connected to GreatOutdoors_DWH.db
2026-05-09 14:00:34,976 - INFO - Successfully connected to GreatOutdoors_SDM.db
2026-05-09 14:00:34,976 - INFO - Successfully connected to GreatOutdoors_DWH.db
2026-05-09 14:00:35,501 - INFO - START ETL: DATE
2026-05-09 14:00:35,518 - INFO -   Csv datums geladen: 36 rijen
2026-05-09 14:00:35,556 - INFO -   Inkoop datums geladen: 1599 rijen
2026-05-09 14:00:35,575 - INFO -   Unieke datums na deduplicatie: 1009
2026-05-09 14:00:35,610 - INFO -   Ingevoegd in DATE: 1009 rijen
2026-05-09 14:00:35,610 - INFO - KLAAR ETL: DATE
2026-05-09 14:00:35,620 - INFO - PRODUCT: 0 inserted, 0 updated (SCD2), 115 unchanged
2026-05-09 14:00:43,787 - INFO - ORDER_DETAILS: inserted 0 rows
2026-05-09 14:00:43,974 - INFO - RETURNED_ITEM: inserted 0 rows
2026-05-11 14:27:27,302 - INFO - Successfully connected to GreatOutdoors_SDM.db
2026-05-11 14:27:27,303 - INFO - Successfully connected to GreatOutdoors_DWH.db
2026-05-11 14:51:54,043 - INFO - Successfully connected to GreatOutdoors_SDM.db
2026-05-11 14:51:54,044 - INFO - Successfully connected to GreatOutdoors_DWH.db
2026-05-11 14:51:54,215 - INFO - START ETL: DATE
2026-05-11 14:51:54,216 - INFO -   Csv datums geladen: 36 rijen
2026-05-11 14:51:54,219 - INFO -   Inkoop datums geladen: 1599 rijen
2026-05-11 14:51:54,224 - INFO -   Unieke datums na deduplicatie: 1009
2026-05-11 14:51:54,239 - INFO -   Ingevoegd in DATE: 1009 rijen
2026-05-11 14:51:54,239 - INFO - KLAAR ETL: DATE
2026-05-11 14:51:54,242 - INFO - PRODUCT: 0 inserted, 0 updated (SCD2), 115 unchanged
2026-05-11 14:51:56,653 - INFO - ORDER_DETAILS: inserted 0 rows
2026-05-11 14:51:56,697 - INFO - RETURNED_ITEM: inserted 0 rows
2026-05-20 14:13:32,464 - INFO - Successfully connected to GreatOutdoors_SDM.db
2026-05-20 14:13:32,464 - INFO - Successfully connected to GreatOutdoors_DWH.db
2026-05-20 14:19:49,749 - INFO - Successfully connected to GreatOutdoors_SDM.db
2026-05-20 14:19:49,751 - INFO - Successfully connected to GreatOutdoors_DWH.db
2026-05-20 14:19:50,189 - INFO - START ETL: DATE
2026-05-20 14:19:50,191 - INFO -   Csv datums geladen: 36 rijen
2026-05-20 14:19:50,209 - INFO -   Inkoop datums geladen: 1599 rijen
2026-05-20 14:19:50,229 - INFO -   Unieke datums na deduplicatie: 1009
2026-05-20 14:19:50,262 - INFO -   Ingevoegd in DATE: 1009 rijen
2026-05-20 14:19:50,262 - INFO - KLAAR ETL: DATE
2026-05-20 14:19:50,286 - INFO - PRODUCT: 115 inserted, 0 updated (SCD2), 0 unchanged
2026-05-20 14:19:54,418 - INFO - ORDER_DETAILS: inserted 40990 rows
2026-05-20 14:19:54,517 - INFO - RETURNED_ITEM: inserted 690 rows
2026-05-20 14:28:40,922 - INFO - Successfully connected to GreatOutdoors_SDM.db
2026-05-20 14:28:40,925 - INFO - Successfully connected to GreatOutdoors_DWH.db
2026-05-20 14:28:41,296 - INFO - START ETL: DATE
2026-05-20 14:28:41,302 - INFO -   Csv datums geladen: 36 rijen
2026-05-20 14:28:41,312 - INFO -   Inkoop datums geladen: 1599 rijen
2026-05-20 14:28:41,323 - INFO -   Unieke datums na deduplicatie: 1009
2026-05-20 14:28:41,355 - INFO -   Ingevoegd in DATE: 1009 rijen
2026-05-20 14:28:41,355 - INFO - KLAAR ETL: DATE
2026-05-20 14:28:41,372 - INFO - PRODUCT: 115 inserted, 0 updated (SCD2), 0 unchanged
2026-05-20 14:28:45,247 - INFO - ORDER_DETAILS: inserted 40990 rows
2026-05-20 14:28:45,320 - INFO - RETURNED_ITEM: inserted 690 rows
2026-05-20 14:28:50,641 - INFO - Successfully connected to GreatOutdoors_SDM.db
2026-05-20 14:28:50,644 - INFO - Successfully connected to GreatOutdoors_DWH.db
2026-05-20 14:28:51,001 - INFO - START ETL: DATE
2026-05-20 14:28:51,007 - INFO -   Csv datums geladen: 36 rijen
2026-05-20 14:28:51,016 - INFO -   Inkoop datums geladen: 1599 rijen
2026-05-20 14:28:51,028 - INFO -   Unieke datums na deduplicatie: 1009
2026-05-20 14:28:51,062 - INFO -   Ingevoegd in DATE: 0 rijen
2026-05-20 14:28:51,062 - INFO - KLAAR ETL: DATE
2026-05-20 14:28:51,086 - INFO - PRODUCT: 0 inserted, 0 updated (SCD2), 115 unchanged
2026-05-20 14:28:55,180 - INFO - ORDER_DETAILS: inserted 0 rows
2026-05-20 14:28:55,262 - INFO - RETURNED_ITEM: inserted 0 rows
2026-05-20 14:29:25,588 - INFO - Successfully connected to GreatOutdoors_SDM.db
2026-05-20 14:29:25,588 - INFO - Successfully connected to GreatOutdoors_DWH.db
2026-05-20 14:29:25,932 - INFO - START ETL: DATE
2026-05-20 14:29:25,935 - INFO -   Csv datums geladen: 36 rijen
2026-05-20 14:29:25,943 - INFO -   Inkoop datums geladen: 1599 rijen
2026-05-20 14:29:25,958 - INFO -   Unieke datums na deduplicatie: 1009
2026-05-20 14:29:25,991 - INFO -   Ingevoegd in DATE: 0 rijen
2026-05-20 14:29:25,991 - INFO - KLAAR ETL: DATE
2026-05-20 14:29:26,015 - INFO - PRODUCT: 0 inserted, 0 updated (SCD2), 115 unchanged
2026-05-20 14:29:30,036 - INFO - ORDER_DETAILS: inserted 0 rows
2026-05-20 14:29:30,127 - INFO - RETURNED_ITEM: inserted 0 rows
2026-05-20 14:29:36,393 - INFO - Successfully connected to GreatOutdoors_SDM.db
2026-05-20 14:29:36,393 - INFO - Successfully connected to GreatOutdoors_DWH.db
2026-05-20 14:29:36,697 - INFO - START ETL: DATE
2026-05-20 14:29:36,706 - INFO -   Csv datums geladen: 36 rijen
2026-05-20 14:29:36,713 - INFO -   Inkoop datums geladen: 1599 rijen
2026-05-20 14:29:36,729 - INFO -   Unieke datums na deduplicatie: 1009
2026-05-20 14:29:36,771 - INFO -   Ingevoegd in DATE: 0 rijen
2026-05-20 14:29:36,771 - INFO - KLAAR ETL: DATE
2026-05-20 14:29:36,792 - INFO - PRODUCT: 0 inserted, 0 updated (SCD2), 115 unchanged
2026-05-20 14:29:40,639 - INFO - ORDER_DETAILS: inserted 0 rows
2026-05-20 14:29:40,691 - INFO - RETURNED_ITEM: inserted 0 rows
